// Vitest Snapshot v1, https://vitest.dev/guide/snapshot.html

exports[`ShoppingListCreateForm > displaying the form > matches snapshot 1`] = `
{
  "asFragment": [Function],
  "baseElement": <body>
    <div>
      <form
        class="_root_1118ad"
        style="--button-color: #4e8fb7; --button-text-color: #fff; --button-border-color: #1b5c84; --button-hover-color: #3881ae;"
      >
        <fieldset
          class="_fieldset_1118ad"
        >
          <input
            aria-label="Title"
            class="_input_1118ad"
            disabled=""
            name="title"
            pattern="\\\\s*[A-Za-z0-9 \\\\-',]*\\\\s*"
            placeholder="Title"
            title="Title can only contain alphanumeric characters, spaces, commas, hyphens, and apostrophes"
            type="text"
          />
          <button
            class="_button_1118ad"
            disabled=""
            type="submit"
          >
            Create
          </button>
        </fieldset>
      </form>
    </div>
  </body>,
  "container": <div>
    <form
      class="_root_1118ad"
      style="--button-color: #4e8fb7; --button-text-color: #fff; --button-border-color: #1b5c84; --button-hover-color: #3881ae;"
    >
      <fieldset
        class="_fieldset_1118ad"
      >
        <input
          aria-label="Title"
          class="_input_1118ad"
          disabled=""
          name="title"
          pattern="\\\\s*[A-Za-z0-9 \\\\-',]*\\\\s*"
          placeholder="Title"
          title="Title can only contain alphanumeric characters, spaces, commas, hyphens, and apostrophes"
          type="text"
        />
        <button
          class="_button_1118ad"
          disabled=""
          type="submit"
        >
          Create
        </button>
      </fieldset>
    </form>
  </div>,
  "debug": [Function],
  "findAllByAltText": [Function],
  "findAllByDisplayValue": [Function],
  "findAllByLabelText": [Function],
  "findAllByPlaceholderText": [Function],
  "findAllByRole": [Function],
  "findAllByTestId": [Function],
  "findAllByText": [Function],
  "findAllByTitle": [Function],
  "findByAltText": [Function],
  "findByDisplayValue": [Function],
  "findByLabelText": [Function],
  "findByPlaceholderText": [Function],
  "findByRole": [Function],
  "findByTestId": [Function],
  "findByText": [Function],
  "findByTitle": [Function],
  "getAllByAltText": [Function],
  "getAllByDisplayValue": [Function],
  "getAllByLabelText": [Function],
  "getAllByPlaceholderText": [Function],
  "getAllByRole": [Function],
  "getAllByTestId": [Function],
  "getAllByText": [Function],
  "getAllByTitle": [Function],
  "getByAltText": [Function],
  "getByDisplayValue": [Function],
  "getByLabelText": [Function],
  "getByPlaceholderText": [Function],
  "getByRole": [Function],
  "getByTestId": [Function],
  "getByText": [Function],
  "getByTitle": [Function],
  "queryAllByAltText": [Function],
  "queryAllByDisplayValue": [Function],
  "queryAllByLabelText": [Function],
  "queryAllByPlaceholderText": [Function],
  "queryAllByRole": [Function],
  "queryAllByTestId": [Function],
  "queryAllByText": [Function],
  "queryAllByTitle": [Function],
  "queryByAltText": [Function],
  "queryByDisplayValue": [Function],
  "queryByLabelText": [Function],
  "queryByPlaceholderText": [Function],
  "queryByRole": [Function],
  "queryByTestId": [Function],
  "queryByText": [Function],
  "queryByTitle": [Function],
  "rerender": [Function],
  "unmount": [Function],
}
`;
