// Vitest Snapshot v1

exports[`NavigationMosaic component > matches snapshot 1`] = `
{
  "asFragment": [Function],
  "baseElement": <body>
    <div>
      <div
        class="_root_dcf87f"
      >
        <div
          class="_card_dcf87f"
        >
          <a
            class="_root_396ea1"
            href="/yellow"
            style="--background-color: #ffbf00; --hover-color: #e5ab00; --text-color: #4c3900;"
          >
            Yellow Card
          </a>
        </div>
        <div
          class="_card_dcf87f"
        >
          <a
            class="_root_396ea1"
            href="/pink"
            style="--background-color: #e83f6f; --hover-color: #d03863; --text-color: #fff;"
          >
            Pink Card
          </a>
        </div>
        <div
          class="_card_dcf87f"
        >
          <a
            class="_root_396ea1"
            href="/blue"
            style="--background-color: #2274a5; --hover-color: #1e6894; --text-color: #fff;"
          >
            Blue Card
          </a>
        </div>
        <div
          class="_card_dcf87f"
        >
          <a
            class="_root_396ea1"
            href="/green"
            style="--background-color: #00a323; --hover-color: #00921f; --text-color: #fff;"
          >
            Green Card
          </a>
        </div>
        <div
          class="_card_dcf87f"
        >
          <a
            class="_root_396ea1"
            href="/aqua"
            style="--background-color: #20e2e9; --hover-color: #11cbd1; --text-color: #094345;"
          >
            Aqua Card
          </a>
        </div>
      </div>
    </div>
  </body>,
  "container": <div>
    <div
      class="_root_dcf87f"
    >
      <div
        class="_card_dcf87f"
      >
        <a
          class="_root_396ea1"
          href="/yellow"
          style="--background-color: #ffbf00; --hover-color: #e5ab00; --text-color: #4c3900;"
        >
          Yellow Card
        </a>
      </div>
      <div
        class="_card_dcf87f"
      >
        <a
          class="_root_396ea1"
          href="/pink"
          style="--background-color: #e83f6f; --hover-color: #d03863; --text-color: #fff;"
        >
          Pink Card
        </a>
      </div>
      <div
        class="_card_dcf87f"
      >
        <a
          class="_root_396ea1"
          href="/blue"
          style="--background-color: #2274a5; --hover-color: #1e6894; --text-color: #fff;"
        >
          Blue Card
        </a>
      </div>
      <div
        class="_card_dcf87f"
      >
        <a
          class="_root_396ea1"
          href="/green"
          style="--background-color: #00a323; --hover-color: #00921f; --text-color: #fff;"
        >
          Green Card
        </a>
      </div>
      <div
        class="_card_dcf87f"
      >
        <a
          class="_root_396ea1"
          href="/aqua"
          style="--background-color: #20e2e9; --hover-color: #11cbd1; --text-color: #094345;"
        >
          Aqua Card
        </a>
      </div>
    </div>
  </div>,
  "debug": [Function],
  "findAllByAltText": [Function],
  "findAllByDisplayValue": [Function],
  "findAllByLabelText": [Function],
  "findAllByPlaceholderText": [Function],
  "findAllByRole": [Function],
  "findAllByTestId": [Function],
  "findAllByText": [Function],
  "findAllByTitle": [Function],
  "findByAltText": [Function],
  "findByDisplayValue": [Function],
  "findByLabelText": [Function],
  "findByPlaceholderText": [Function],
  "findByRole": [Function],
  "findByTestId": [Function],
  "findByText": [Function],
  "findByTitle": [Function],
  "getAllByAltText": [Function],
  "getAllByDisplayValue": [Function],
  "getAllByLabelText": [Function],
  "getAllByPlaceholderText": [Function],
  "getAllByRole": [Function],
  "getAllByTestId": [Function],
  "getAllByText": [Function],
  "getAllByTitle": [Function],
  "getByAltText": [Function],
  "getByDisplayValue": [Function],
  "getByLabelText": [Function],
  "getByPlaceholderText": [Function],
  "getByRole": [Function],
  "getByTestId": [Function],
  "getByText": [Function],
  "getByTitle": [Function],
  "queryAllByAltText": [Function],
  "queryAllByDisplayValue": [Function],
  "queryAllByLabelText": [Function],
  "queryAllByPlaceholderText": [Function],
  "queryAllByRole": [Function],
  "queryAllByTestId": [Function],
  "queryAllByText": [Function],
  "queryAllByTitle": [Function],
  "queryByAltText": [Function],
  "queryByDisplayValue": [Function],
  "queryByLabelText": [Function],
  "queryByPlaceholderText": [Function],
  "queryByRole": [Function],
  "queryByTestId": [Function],
  "queryByText": [Function],
  "queryByTitle": [Function],
  "rerender": [Function],
  "unmount": [Function],
}
`;
