// Vitest Snapshot v1, https://vitest.dev/guide/snapshot.html

exports[`ShoppingList > matches snapshot 1`] = `
{
  "asFragment": [Function],
  "baseElement": <body>
    <div>
      <div
        class="_root_62bc73"
        style="--scheme-color: #00a323; --border-color: #00821c; --text-color-primary: #fff; --text-color-secondary: #fff; --hover-color: #00921f; --scheme-color-lighter: #32b54e; --scheme-color-lightest: #ccecd3;"
      >
        <div
          aria-controls="list32Details"
          aria-expanded="false"
          class="_trigger_62bc73"
          role="button"
        >
          <h3
            class="_title_62bc73"
          >
            My Shopping List
          </h3>
        </div>
        <div
          aria-hidden="true"
          class="rah-static rah-static--height-zero "
          id="list32Details"
          style="height: 0px; overflow: hidden;"
        >
          <div
            style="display: none;"
          >
            <div
              class="_details_62bc73"
            >
              <p
                class="_emptyList_62bc73"
              >
                This shopping list has no list items.
              </p>
            </div>
          </div>
        </div>
      </div>
    </div>
  </body>,
  "container": <div>
    <div
      class="_root_62bc73"
      style="--scheme-color: #00a323; --border-color: #00821c; --text-color-primary: #fff; --text-color-secondary: #fff; --hover-color: #00921f; --scheme-color-lighter: #32b54e; --scheme-color-lightest: #ccecd3;"
    >
      <div
        aria-controls="list32Details"
        aria-expanded="false"
        class="_trigger_62bc73"
        role="button"
      >
        <h3
          class="_title_62bc73"
        >
          My Shopping List
        </h3>
      </div>
      <div
        aria-hidden="true"
        class="rah-static rah-static--height-zero "
        id="list32Details"
        style="height: 0px; overflow: hidden;"
      >
        <div
          style="display: none;"
        >
          <div
            class="_details_62bc73"
          >
            <p
              class="_emptyList_62bc73"
            >
              This shopping list has no list items.
            </p>
          </div>
        </div>
      </div>
    </div>
  </div>,
  "debug": [Function],
  "findAllByAltText": [Function],
  "findAllByDisplayValue": [Function],
  "findAllByLabelText": [Function],
  "findAllByPlaceholderText": [Function],
  "findAllByRole": [Function],
  "findAllByTestId": [Function],
  "findAllByText": [Function],
  "findAllByTitle": [Function],
  "findByAltText": [Function],
  "findByDisplayValue": [Function],
  "findByLabelText": [Function],
  "findByPlaceholderText": [Function],
  "findByRole": [Function],
  "findByTestId": [Function],
  "findByText": [Function],
  "findByTitle": [Function],
  "getAllByAltText": [Function],
  "getAllByDisplayValue": [Function],
  "getAllByLabelText": [Function],
  "getAllByPlaceholderText": [Function],
  "getAllByRole": [Function],
  "getAllByTestId": [Function],
  "getAllByText": [Function],
  "getAllByTitle": [Function],
  "getByAltText": [Function],
  "getByDisplayValue": [Function],
  "getByLabelText": [Function],
  "getByPlaceholderText": [Function],
  "getByRole": [Function],
  "getByTestId": [Function],
  "getByText": [Function],
  "getByTitle": [Function],
  "queryAllByAltText": [Function],
  "queryAllByDisplayValue": [Function],
  "queryAllByLabelText": [Function],
  "queryAllByPlaceholderText": [Function],
  "queryAllByRole": [Function],
  "queryAllByTestId": [Function],
  "queryAllByText": [Function],
  "queryAllByTitle": [Function],
  "queryByAltText": [Function],
  "queryByDisplayValue": [Function],
  "queryByLabelText": [Function],
  "queryByPlaceholderText": [Function],
  "queryByRole": [Function],
  "queryByTestId": [Function],
  "queryByText": [Function],
  "queryByTitle": [Function],
  "rerender": [Function],
  "unmount": [Function],
}
`;
